 mod

 Timestamp is 56e63b73 (Sun Mar 13 21:17:55 2016)

 Preferred load address is 10000000

 Start         Length     Name                   Class
 0001:00000000 00001511H .text$di                CODE
 0001:00001520 00003a8dH .text$mn                CODE
 0001:00004fb0 00001056H .text$x                 CODE
 0001:00006010 000010c8H .text$yd                CODE
 0002:00000000 00000104H .CRT$XCA                DATA
 0002:00000104 0000011cH .CRT$XCU                DATA
 0002:00000220 00000104H .CRT$XCZ                DATA
 0002:00000324 00000104H .CRT$XIA                DATA
 0002:00000428 00000104H .CRT$XIZ                DATA
 0002:0000052c 00000104H .CRT$XPA                DATA
 0002:00000630 00000104H .CRT$XPZ                DATA
 0002:00000734 00000104H .CRT$XTA                DATA
 0002:00000838 00000104H .CRT$XTZ                DATA
 0002:00000940 000002cbH .rdata                  DATA
 0002:00000c0c 00000271H .rdata$r                DATA
 0002:00000e80 0000010eH .rdata$sxdata           DATA
 0002:00000f90 0000014cH .rdata$zzzdbg           DATA
 0002:000010dc 00000104H .rtc$IAA                DATA
 0002:000011e0 00000104H .rtc$IZZ                DATA
 0002:000012e4 00000104H .rtc$TAA                DATA
 0002:000013e8 00000104H .rtc$TZZ                DATA
 0002:000014f0 0000032bH .xdata$x                DATA
 0002:00001820 0000017aH .edata                  DATA
 0003:00000000 0000012aH .data                   DATA
 0003:0000012c 00000198H .data$r                 DATA
 0003:000002c8 000004e0H .bss                    DATA
 0004:00000000 00000200H .idata$5                DATA
 0004:00000200 0000008cH .idata$2                DATA
 0004:0000028c 00000014H .idata$3                DATA
 0004:000002a0 00000200H .idata$4                DATA
 0004:000004a0 00000635H .idata$6                DATA
 0005:00000000 00000169H .gfids$y                DATA
 0006:00000000 00000104H .00cfg                  DATA

  Address         Publics by Value              Rva+Base       Lib:Object

 0000:00000000       ___guard_longjmp_table     00000000     <absolute>
 0000:00000000       ___guard_longjmp_count     00000000     <absolute>
 0000:00000000       ___guard_fids_count        00000000     <absolute>
 0000:00000000       ___guard_iat_count         00000000     <absolute>
 0000:00000000       ___guard_fids_table        00000000     <absolute>
 0000:00000000       ___guard_iat_table         00000000     <absolute>
 0000:00000003       ___safe_se_handler_count   00000003     <absolute>
 0000:00000100       ___guard_flags             00000100     <absolute>
 0000:00000000       ___ImageBase               10000000     <linker-defined>
 0001:00001520       _startup                   10002520 f   mod.obj
 0001:00001570       _update                    10002570 f   mod.obj
 0001:00001580       _shutdown                  10002580 f   mod.obj
 0001:000015f0       ??$?0ABV?$allocator@D@std@@$$V@?$_Compressed_pair@U?$_Wrap_alloc@V?$allocator@D@std@@@std@@V?$_String_val@U?$_Simple_types@D@std@@@2@$00@std@@QAE@U_One_then_variadic_args_t@1@ABV?$allocator@D@1@@Z 100025f0 f i mod.obj
 0001:00001630       ??$_Addressof@D@std@@YAPADAADU?$integral_constant@_N$0A@@0@@Z 10002630 f i mod.obj
 0001:00001640       ??$addressof@D@std@@YAPADAAD@Z 10002640 f i mod.obj
 0001:00001660       ??$construct@PADAAPAD@?$_Wrap_alloc@V?$allocator@D@std@@@std@@QAEXPAPADAAPAD@Z 10002660 f i mod.obj
 0001:000016a0       ??$construct@PADAAPAD@?$allocator@D@std@@QAEXPAPADAAPAD@Z 100026a0 f i mod.obj
 0001:00001700       ??$construct@PADAAPAD@?$allocator_traits@V?$allocator@D@std@@@std@@SAXAAV?$allocator@D@1@PAPADAAPAD@Z 10002700 f i mod.obj
 0001:00001730       ??$destroy@PAD@?$_Wrap_alloc@V?$allocator@D@std@@@std@@QAEXPAPAD@Z 10002730 f i mod.obj
 0001:00001760       ??$destroy@PAD@?$allocator@D@std@@QAEXPAPAD@Z 10002760 f i mod.obj
 0001:00001770       ??$destroy@PAD@?$allocator_traits@V?$allocator@D@std@@@std@@SAXAAV?$allocator@D@1@PAPAD@Z 10002770 f i mod.obj
 0001:00001790       ??$forward@AAPAD@std@@YAAAPADAAPAD@Z 10002790 f i mod.obj
 0001:000017a0       ??$forward@ABV?$allocator@D@std@@@std@@YAABV?$allocator@D@0@ABV10@@Z 100027a0 f i mod.obj
 0001:000017b0       ??0?$_String_alloc@U?$_String_base_types@DV?$allocator@D@std@@@std@@@std@@QAE@ABV?$allocator@D@1@@Z 100027b0 f i mod.obj
 0001:000017e0       ??0?$_String_val@U?$_Simple_types@D@std@@@std@@QAE@XZ 100027e0 f i mod.obj
 0001:00001810       ??0?$_Wrap_alloc@V?$allocator@D@std@@@std@@QAE@ABV?$allocator@D@1@@Z 10002810 f i mod.obj
 0001:00001840       ??0?$allocator@D@std@@QAE@ABV01@@Z 10002840 f i mod.obj
 0001:00001860       ??0?$allocator@D@std@@QAE@XZ 10002860 f i mod.obj
 0001:00001880       ??0?$basic_string@DU?$char_traits@D@std@@V?$allocator@D@2@@std@@QAE@PBD@Z 10002880 f i mod.obj
 0001:000018d0       ??1?$basic_string@DU?$char_traits@D@std@@V?$allocator@D@2@@std@@QAE@XZ 100028d0 f i mod.obj
 0001:00001930       ??2@YAPAXIPAX@Z            10002930 f i mod.obj
 0001:00001940       ?_Allocate@std@@YAPAXII_N@Z 10002940 f i mod.obj
 0001:00001a30       ?_Bx@?$_String_alloc@U?$_String_base_types@DV?$allocator@D@std@@@std@@@std@@QAEAAT_Bxty@?$_String_val@U?$_Simple_types@D@std@@@2@XZ 10002a30 f i mod.obj
 0001:00001a50       ?_Copy@?$basic_string@DU?$char_traits@D@std@@V?$allocator@D@2@@std@@QAEXII@Z 10002a50 f i mod.obj
 0001:00001c90       ?_Deallocate@std@@YAXPAXII@Z 10002c90 f i mod.obj
 0001:00001d50       ?_Eos@?$basic_string@DU?$char_traits@D@std@@V?$allocator@D@2@@std@@QAEXI@Z 10002d50 f i mod.obj
 0001:00001da0       ?_Get_data@?$_String_alloc@U?$_String_base_types@DV?$allocator@D@std@@@std@@@std@@QAEAAV?$_String_val@U?$_Simple_types@D@std@@@2@XZ 10002da0 f i mod.obj
 0001:00001dc0       ?_Get_data@?$_String_alloc@U?$_String_base_types@DV?$allocator@D@std@@@std@@@std@@QBEABV?$_String_val@U?$_Simple_types@D@std@@@2@XZ 10002dc0 f i mod.obj
 0001:00001de0       ?_Get_first@?$_Compressed_pair@U?$_Wrap_alloc@V?$allocator@D@std@@@std@@V?$_String_val@U?$_Simple_types@D@std@@@2@$00@std@@QAEAAU?$_Wrap_alloc@V?$allocator@D@std@@@2@XZ 10002de0 f i mod.obj
 0001:00001e00       ?_Get_first@?$_Compressed_pair@U?$_Wrap_alloc@V?$allocator@D@std@@@std@@V?$_String_val@U?$_Simple_types@D@std@@@2@$00@std@@QBEABU?$_Wrap_alloc@V?$allocator@D@std@@@2@XZ 10002e00 f i mod.obj
 0001:00001e20       ?_Get_second@?$_Compressed_pair@U?$_Wrap_alloc@V?$allocator@D@std@@@std@@V?$_String_val@U?$_Simple_types@D@std@@@2@$00@std@@QAEAAV?$_String_val@U?$_Simple_types@D@std@@@2@XZ 10002e20 f i mod.obj
 0001:00001e40       ?_Get_second@?$_Compressed_pair@U?$_Wrap_alloc@V?$allocator@D@std@@@std@@V?$_String_val@U?$_Simple_types@D@std@@@2@$00@std@@QBEABV?$_String_val@U?$_Simple_types@D@std@@@2@XZ 10002e40 f i mod.obj
 0001:00001e60       ?_Getal@?$_String_alloc@U?$_String_base_types@DV?$allocator@D@std@@@std@@@std@@QAEAAU?$_Wrap_alloc@V?$allocator@D@std@@@2@XZ 10002e60 f i mod.obj
 0001:00001e80       ?_Getal@?$_String_alloc@U?$_String_base_types@DV?$allocator@D@std@@@std@@@std@@QBEABU?$_Wrap_alloc@V?$allocator@D@std@@@2@XZ 10002e80 f i mod.obj
 0001:00001ea0       ?_Grow@?$basic_string@DU?$char_traits@D@std@@V?$allocator@D@2@@std@@QAE_NI_N@Z 10002ea0 f i mod.obj
 0001:00001f90       ?_Inside@?$basic_string@DU?$char_traits@D@std@@V?$allocator@D@2@@std@@QAE_NPBD@Z 10002f90 f i mod.obj
 0001:00001ff0       ?_Myptr@?$_String_alloc@U?$_String_base_types@DV?$allocator@D@std@@@std@@@std@@QAEPADXZ 10002ff0 f i mod.obj
 0001:00002010       ?_Myptr@?$_String_alloc@U?$_String_base_types@DV?$allocator@D@std@@@std@@@std@@QBEPBDXZ 10003010 f i mod.obj
 0001:00002030       ?_Myptr@?$_String_val@U?$_Simple_types@D@std@@@std@@QAEPADXZ 10003030 f i mod.obj
 0001:00002070       ?_Myptr@?$_String_val@U?$_Simple_types@D@std@@@std@@QBEPBDXZ 10003070 f i mod.obj
 0001:000020b0       ?_Myres@?$_String_alloc@U?$_String_base_types@DV?$allocator@D@std@@@std@@@std@@QAEAAIXZ 100030b0 f i mod.obj
 0001:000020d0       ?_Mysize@?$_String_alloc@U?$_String_base_types@DV?$allocator@D@std@@@std@@@std@@QAEAAIXZ 100030d0 f i mod.obj
 0001:000020f0       ?_Mysize@?$_String_alloc@U?$_String_base_types@DV?$allocator@D@std@@@std@@@std@@QBEABIXZ 100030f0 f i mod.obj
 0001:00002110       ?_Tidy@?$basic_string@DU?$char_traits@D@std@@V?$allocator@D@2@@std@@QAEX_NI@Z 10003110 f i mod.obj
 0001:000021f0       ?_Xlen@?$basic_string@DU?$char_traits@D@std@@V?$allocator@D@2@@std@@QBEXXZ 100031f0 f i mod.obj
 0001:00002210       ?_Xran@?$basic_string@DU?$char_traits@D@std@@V?$allocator@D@2@@std@@QBEXXZ 10003210 f i mod.obj
 0001:00002230       ?allocate@?$_Wrap_alloc@V?$allocator@D@std@@@std@@QAEPADI@Z 10003230 f i mod.obj
 0001:00002250       ?allocate@?$allocator@D@std@@QAEPADI@Z 10003250 f i mod.obj
 0001:00002280       ?assign@?$basic_string@DU?$char_traits@D@std@@V?$allocator@D@2@@std@@QAEAAV12@ABV12@II@Z 10003280 f i mod.obj
 0001:00002360       ?assign@?$basic_string@DU?$char_traits@D@std@@V?$allocator@D@2@@std@@QAEAAV12@PBD@Z 10003360 f i mod.obj
 0001:00002390       ?assign@?$basic_string@DU?$char_traits@D@std@@V?$allocator@D@2@@std@@QAEAAV12@PBDI@Z 10003390 f i mod.obj
 0001:00002430       ?assign@?$char_traits@D@std@@SAXAADABD@Z 10003430 f i mod.obj
 0001:00002450       ?copy@?$char_traits@D@std@@SAPADPADPBDI@Z 10003450 f i mod.obj
 0001:00002490       ?deallocate@?$_Wrap_alloc@V?$allocator@D@std@@@std@@QAEXPADI@Z 10003490 f i mod.obj
 0001:000024c0       ?deallocate@?$allocator@D@std@@QAEXPADI@Z 100034c0 f i mod.obj
 0001:000024f0       ?erase@?$basic_string@DU?$char_traits@D@std@@V?$allocator@D@2@@std@@QAEAAV12@I@Z 100034f0 f i mod.obj
 0001:00002530       ?erase@?$basic_string@DU?$char_traits@D@std@@V?$allocator@D@2@@std@@QAEAAV12@II@Z 10003530 f i mod.obj
 0001:000025f0       ?length@?$char_traits@D@std@@SAIPBD@Z 100035f0 f i mod.obj
 0001:00002630       ?max_size@?$_Wrap_alloc@V?$allocator@D@std@@@std@@QBEIU_Nil@2@@Z 10003630 f i mod.obj
 0001:00002650       ?max_size@?$allocator@D@std@@QBEIXZ 10003650 f i mod.obj
 0001:00002670       ?max_size@?$allocator_traits@V?$allocator@D@std@@@std@@SAIABV?$allocator@D@2@@Z 10003670 f i mod.obj
 0001:00002680       ?max_size@?$basic_string@DU?$char_traits@D@std@@V?$allocator@D@2@@std@@QBEIXZ 10003680 f i mod.obj
 0001:000026d0       ?move@?$char_traits@D@std@@SAPADPADPBDI@Z 100036d0 f i mod.obj
 0001:00002710       ?size@?$basic_string@DU?$char_traits@D@std@@V?$allocator@D@2@@std@@QBEIXZ 10003710 f i mod.obj
 0001:0000272a       ?LogInfo@logMgr@@QAEXABV?$basic_string@DU?$char_traits@D@std@@V?$allocator@D@2@@std@@@Z 1000372a f   Engine:Engine.dll
 0001:00002730       ?_Xbad_alloc@std@@YAXXZ    10003730 f   msvcprt:MSVCP140.dll
 0001:00002736       ?_Xlength_error@std@@YAXPBD@Z 10003736 f   msvcprt:MSVCP140.dll
 0001:0000273c       ?_Xout_of_range@std@@YAXPBD@Z 1000373c f   msvcprt:MSVCP140.dll
 0001:00002742       ??2@YAPAXI@Z               10003742 f   MSVCRT:new_scalar.obj
 0001:00002781       ??3@YAXPAX@Z               10003781 f   MSVCRT:delete_scalar.obj
 0001:00002786       ??$__crt_fast_decode_pointer@PAP6AXXZ@@YAPAP6AXXZQAP6AXXZ@Z 10003786 f i MSVCRT:utility.obj
 0001:0000279f       ??$__crt_fast_encode_pointer@PAP6AXXZ@@YAPAP6AXXZQAP6AXXZ@Z 1000379f f i MSVCRT:utility.obj
 0001:000027c3       ?__crt_rotate_pointer_value@@YAIIH@Z 100037c3 f i MSVCRT:utility.obj
 0001:00002867       _NtCurrentTeb              10003867 f i MSVCRT:utility.obj
 0001:0000286e       ___scrt_acquire_startup_lock 1000386e f   MSVCRT:utility.obj
 0001:000028b0       ___scrt_dllmain_after_initialize_c 100038b0 f   MSVCRT:utility.obj
 0001:000028ce       ___scrt_dllmain_before_initialize_c 100038ce f   MSVCRT:utility.obj
 0001:000028df       ___scrt_dllmain_crt_thread_attach 100038df f   MSVCRT:utility.obj
 0001:00002905       ___scrt_dllmain_crt_thread_detach 10003905 f   MSVCRT:utility.obj
 0001:00002915       ___scrt_dllmain_exception_filter 10003915 f   MSVCRT:utility.obj
 0001:00002954       ___scrt_dllmain_uninitialize_c 10003954 f   MSVCRT:utility.obj
 0001:0000297f       ___scrt_dllmain_uninitialize_critical 1000397f f   MSVCRT:utility.obj
 0001:0000298f       ___scrt_initialize_crt     1000398f f   MSVCRT:utility.obj
 0001:000029d6       ___scrt_initialize_onexit_tables 100039d6 f   MSVCRT:utility.obj
 0001:00002a92       ___scrt_is_nonwritable_in_current_image 10003a92 f   MSVCRT:utility.obj
 0001:00002b42       ___scrt_release_startup_lock 10003b42 f   MSVCRT:utility.obj
 0001:00002b66       ___scrt_uninitialize_crt   10003b66 f   MSVCRT:utility.obj
 0001:00002b98       __onexit                   10003b98 f   MSVCRT:utility.obj
 0001:00002be1       _at_quick_exit             10003be1 f   MSVCRT:utility.obj
 0001:00002c1e       _atexit                    10003c1e f   MSVCRT:utility.obj
 0001:00002c38       @__security_check_cookie@4 10003c38 f   MSVCRT:_secchk_.obj
 0001:00003025       __CRT_INIT@12              10004025 f   MSVCRT:dll_dllmain.obj
 0001:00003030       __DllMainCRTStartup@12     10004030 f   MSVCRT:dll_dllmain.obj
 0001:0000305b       ??0bad_alloc@std@@AAE@QBD@Z 1000405b f i MSVCRT:throw_bad_alloc.obj
 0001:0000307f       ??0bad_alloc@std@@QAE@ABV01@@Z 1000407f f i MSVCRT:throw_bad_alloc.obj
 0001:000030a8       ??0bad_alloc@std@@QAE@XZ   100040a8 f i MSVCRT:throw_bad_alloc.obj
 0001:000030c6       ??0bad_array_new_length@std@@QAE@ABV01@@Z 100040c6 f i MSVCRT:throw_bad_alloc.obj
 0001:000030ef       ??0bad_array_new_length@std@@QAE@XZ 100040ef f i MSVCRT:throw_bad_alloc.obj
 0001:0000310d       ??0exception@std@@QAE@ABV01@@Z 1000410d f i MSVCRT:throw_bad_alloc.obj
 0001:00003144       ??0exception@std@@QAE@QBDH@Z 10004144 f i MSVCRT:throw_bad_alloc.obj
 0001:00003168       ??1bad_alloc@std@@UAE@XZ   10004168 f i MSVCRT:throw_bad_alloc.obj
 0001:0000317d       ??1bad_array_new_length@std@@UAE@XZ 1000417d f i MSVCRT:throw_bad_alloc.obj
 0001:00003192       ??1exception@std@@UAE@XZ   10004192 f i MSVCRT:throw_bad_alloc.obj
 0001:000031a7       ??_Ebad_alloc@std@@UAEPAXI@Z 100041a7 f i MSVCRT:throw_bad_alloc.obj
 0001:000031a7       ??_Gbad_alloc@std@@UAEPAXI@Z 100041a7 f i MSVCRT:throw_bad_alloc.obj
 0001:000031df       ??_Ebad_array_new_length@std@@UAEPAXI@Z 100041df f i MSVCRT:throw_bad_alloc.obj
 0001:000031df       ??_Gbad_array_new_length@std@@UAEPAXI@Z 100041df f i MSVCRT:throw_bad_alloc.obj
 0001:00003217       ??_Gexception@std@@UAEPAXI@Z 10004217 f i MSVCRT:throw_bad_alloc.obj
 0001:00003217       ??_Eexception@std@@UAEPAXI@Z 10004217 f i MSVCRT:throw_bad_alloc.obj
 0001:0000324f       ?__scrt_throw_std_bad_alloc@@YAXXZ 1000424f f   MSVCRT:throw_bad_alloc.obj
 0001:00003273       ?__scrt_throw_std_bad_array_new_length@@YAXXZ 10004273 f   MSVCRT:throw_bad_alloc.obj
 0001:00003297       ?what@exception@std@@UBEPBDXZ 10004297 f i MSVCRT:throw_bad_alloc.obj
 0001:000032a7       ___isa_available_init      100042a7 f   MSVCRT:_cpu_disp_.obj
 0001:000034b0       ___scrt_is_ucrt_dll_in_use 100044b0 f   MSVCRT:ucrt_detection.obj
 0001:000034bf       ___scrt_fastfail           100044bf f   MSVCRT:utility_desktop.obj
 0001:00003620       ___scrt_get_show_window_mode 10004620 f   MSVCRT:utility_desktop.obj
 0001:0000365f       ___scrt_initialize_winrt   1000465f f   MSVCRT:utility_desktop.obj
 0001:00003662       ___scrt_is_managed_app     10004662 f   MSVCRT:utility_desktop.obj
 0001:000036b7       ___scrt_set_unhandled_exception_filter 100046b7 f   MSVCRT:utility_desktop.obj
 0001:000036c6       ___scrt_unhandled_exception_filter@4 100046c6 f   MSVCRT:utility_desktop.obj
 0001:00003717       __crt_debugger_hook        10004717 f   MSVCRT:utility_desktop.obj
 0001:00003721       @_guard_check_icall@4      10004721 f i MSVCRT:checkcfg.obj
 0001:00003730       __SEH_prolog4              10004730 f   MSVCRT:_sehprolg4_.obj
 0001:00003776       __SEH_epilog4              10004776 f   MSVCRT:_sehprolg4_.obj
 0001:000037a1       __except_handler4          100047a1 f   MSVCRT:_chandler4gs_.obj
 0001:000037cc       ___raise_securityfailure   100047cc f   MSVCRT:gs_report.obj
 0001:000037fe       ___report_gsfailure        100047fe f   MSVCRT:gs_report.obj
 0001:00003937       ___report_rangecheckfailure 10004937 f   MSVCRT:gs_report.obj
 0001:00003946       ___report_securityfailure  10004946 f   MSVCRT:gs_report.obj
 0001:00003a4a       ___report_securityfailureEx 10004a4a f   MSVCRT:gs_report.obj
 0001:00003ba5       ___security_init_cookie    10004ba5 f   MSVCRT:gs_support.obj
 0001:00003c68       _DllMain@12                10004c68 f   MSVCRT:dll_dllmain_stub.obj
 0001:00003c92       ?__scrt_initialize_type_info@@YAXXZ 10004c92 f   MSVCRT:tncleanup.obj
 0001:00003ca1       ?__scrt_uninitialize_type_info@@YAXXZ 10004ca1 f   MSVCRT:tncleanup.obj
 0001:00003cb0       ___local_stdio_printf_options 10004cb0 f i MSVCRT:default_local_stdio_options.obj
 0001:00003cb6       ___local_stdio_scanf_options 10004cb6 f i MSVCRT:default_local_stdio_options.obj
 0001:00003cbc       ___scrt_initialize_default_local_stdio_options 10004cbc f   MSVCRT:default_local_stdio_options.obj
 0001:00003ce0       ___scrt_get_dyn_tls_init_callback 10004ce0 f   MSVCRT:dyn_tls_init.obj
 0001:00003ce6       __RTC_Initialize           10004ce6 f   MSVCRT:_initsect_.obj
 0001:00003d1b       __RTC_Terminate            10004d1b f   MSVCRT:_initsect_.obj
 0001:00003d50       ??3@YAXPAXI@Z              10004d50 f   MSVCRT:delete_scalar_size.obj
 0001:00003d61       ??1type_info@@UAE@XZ       10004d61 f   MSVCRT:std_type_info_static.obj
 0001:00003d68       ??_Gtype_info@@UAEPAXI@Z   10004d68 f i MSVCRT:std_type_info_static.obj
 0001:00003d68       ??_Etype_info@@UAEPAXI@Z   10004d68 f i MSVCRT:std_type_info_static.obj
 0001:00003d93       @_guard_check_icall_nop@4  10004d93 f i MSVCRT:guard_support.obj
 0001:00003d94       __guard_icall_checks_enforced 10004d94 f i MSVCRT:guard_support.obj
 0001:00003daa       _IsProcessorFeaturePresent@4 10004daa f   kernel32:KERNEL32.dll
 0001:00003db0       _IsDebuggerPresent@0       10004db0 f   kernel32:KERNEL32.dll
 0001:00003db6       _UnhandledExceptionFilter@4 10004db6 f   kernel32:KERNEL32.dll
 0001:00003dbc       _SetUnhandledExceptionFilter@4 10004dbc f   kernel32:KERNEL32.dll
 0001:00003dc2       _GetStartupInfoW@4         10004dc2 f   kernel32:KERNEL32.dll
 0001:00003dc8       _GetModuleHandleW@4        10004dc8 f   kernel32:KERNEL32.dll
 0001:00003dce       _GetCurrentProcess@0       10004dce f   kernel32:KERNEL32.dll
 0001:00003dd4       _TerminateProcess@8        10004dd4 f   kernel32:KERNEL32.dll
 0001:00003dda       _QueryPerformanceCounter@4 10004dda f   kernel32:KERNEL32.dll
 0001:00003de0       _GetCurrentProcessId@0     10004de0 f   kernel32:KERNEL32.dll
 0001:00003de6       _GetCurrentThreadId@0      10004de6 f   kernel32:KERNEL32.dll
 0001:00003dec       _GetSystemTimeAsFileTime@4 10004dec f   kernel32:KERNEL32.dll
 0001:00003df2       _DisableThreadLibraryCalls@4 10004df2 f   kernel32:KERNEL32.dll
 0001:00003df8       _InitializeSListHead@4     10004df8 f   kernel32:KERNEL32.dll
 0001:00003dfe       _memcpy                    10004dfe f   vcruntime:VCRUNTIME140.dll
 0001:00003e04       _memmove                   10004e04 f   vcruntime:VCRUNTIME140.dll
 0001:00003e0a       __CxxThrowException@8      10004e0a f   vcruntime:VCRUNTIME140.dll
 0001:00003e10       ___CxxFrameHandler3        10004e10 f   vcruntime:VCRUNTIME140.dll
 0001:00003e16       ___telemetry_main_invoke_trigger 10004e16 f   vcruntime:VCRUNTIME140.dll
 0001:00003e1c       ___telemetry_main_return_trigger 10004e1c f   vcruntime:VCRUNTIME140.dll
 0001:00003e22       ___std_exception_copy      10004e22 f   vcruntime:VCRUNTIME140.dll
 0001:00003e28       ___std_exception_destroy   10004e28 f   vcruntime:VCRUNTIME140.dll
 0001:00003e2e       _memset                    10004e2e f   vcruntime:VCRUNTIME140.dll
 0001:00003e34       __except_handler4_common   10004e34 f   vcruntime:VCRUNTIME140.dll
 0001:00003e3a       ___std_type_info_destroy_list 10004e3a f   vcruntime:VCRUNTIME140.dll
 0001:00003e40       __invalid_parameter_noinfo_noreturn 10004e40 f   ucrt:api-ms-win-crt-runtime-l1-1-0.dll
 0001:00003e46       _strlen                    10004e46 f   ucrt:api-ms-win-crt-string-l1-1-0.dll
 0001:00003e4c       __callnewh                 10004e4c f   ucrt:api-ms-win-crt-heap-l1-1-0.dll
 0001:00003e52       _malloc                    10004e52 f   ucrt:api-ms-win-crt-heap-l1-1-0.dll
 0001:00003e58       _free                      10004e58 f   ucrt:api-ms-win-crt-heap-l1-1-0.dll
 0001:00003e5e       __seh_filter_dll           10004e5e f   ucrt:api-ms-win-crt-runtime-l1-1-0.dll
 0001:00003e64       __initialize_narrow_environment 10004e64 f   ucrt:api-ms-win-crt-runtime-l1-1-0.dll
 0001:00003e6a       __initialize_onexit_table  10004e6a f   ucrt:api-ms-win-crt-runtime-l1-1-0.dll
 0001:00003e70       __register_onexit_function 10004e70 f   ucrt:api-ms-win-crt-runtime-l1-1-0.dll
 0001:00003e76       __execute_onexit_table     10004e76 f   ucrt:api-ms-win-crt-runtime-l1-1-0.dll
 0001:00003e7c       __crt_atexit               10004e7c f   ucrt:api-ms-win-crt-runtime-l1-1-0.dll
 0001:00003e82       __crt_at_quick_exit        10004e82 f   ucrt:api-ms-win-crt-runtime-l1-1-0.dll
 0001:00003e88       __cexit                    10004e88 f   ucrt:api-ms-win-crt-runtime-l1-1-0.dll
 0001:00003e8e       __initterm                 10004e8e f   ucrt:api-ms-win-crt-runtime-l1-1-0.dll
 0001:00003e94       __initterm_e               10004e94 f   ucrt:api-ms-win-crt-runtime-l1-1-0.dll
 0001:00003e9a       _terminate                 10004e9a f   ucrt:api-ms-win-crt-runtime-l1-1-0.dll
 0001:00003ea0       ___acrt_initialize         10004ea0 f   MSVCRT:ucrt_stubs.obj
 0001:00003ea0       ___vcrt_initialize         10004ea0 f   MSVCRT:ucrt_stubs.obj
 0001:00003ea0       ___scrt_stub_for_acrt_initialize 10004ea0 f   MSVCRT:ucrt_stubs.obj
 0001:00003ea3       ___vcrt_thread_attach      10004ea3 f   MSVCRT:ucrt_stubs.obj
 0001:00003ea3       ___acrt_thread_attach      10004ea3 f   MSVCRT:ucrt_stubs.obj
 0001:00003ea3       ___scrt_stub_for_acrt_thread_attach 10004ea3 f   MSVCRT:ucrt_stubs.obj
 0001:00003ea6       ___vcrt_thread_detach      10004ea6 f   MSVCRT:ucrt_stubs.obj
 0001:00003ea6       ___scrt_stub_for_acrt_thread_detach 10004ea6 f   MSVCRT:ucrt_stubs.obj
 0001:00003ea6       ___acrt_thread_detach      10004ea6 f   MSVCRT:ucrt_stubs.obj
 0001:00003ea9       ___acrt_uninitialize       10004ea9 f   MSVCRT:ucrt_stubs.obj
 0001:00003ea9       ___scrt_stub_for_acrt_uninitialize 10004ea9 f   MSVCRT:ucrt_stubs.obj
 0001:00003ea9       ___vcrt_uninitialize       10004ea9 f   MSVCRT:ucrt_stubs.obj
 0001:00003eac       ___acrt_uninitialize_critical 10004eac f   MSVCRT:ucrt_stubs.obj
 0001:00003eac       ___vcrt_uninitialize_critical 10004eac f   MSVCRT:ucrt_stubs.obj
 0001:00003eac       ___scrt_stub_for_acrt_uninitialize_critical 10004eac f   MSVCRT:ucrt_stubs.obj
 0001:00003eaf       __is_c_termination_complete 10004eaf f   MSVCRT:ucrt_stubs.obj
 0001:00003eaf       ___scrt_stub_for_is_c_termination_complete 10004eaf f   MSVCRT:ucrt_stubs.obj
 0002:00000000       ___xc_a                    10009000     MSVCRT:initializers.obj
 0002:00000220       ___xc_z                    10009220     MSVCRT:initializers.obj
 0002:00000324       ___xi_a                    10009324     MSVCRT:initializers.obj
 0002:00000428       ___xi_z                    10009428     MSVCRT:initializers.obj
 0002:0000052c       ___xp_a                    1000952c     MSVCRT:initializers.obj
 0002:00000630       ___xp_z                    10009630     MSVCRT:initializers.obj
 0002:00000734       ___xt_a                    10009734     MSVCRT:initializers.obj
 0002:00000838       ___xt_z                    10009838     MSVCRT:initializers.obj
 0002:0000098c       ??_C@_0BI@CFPLBAOH@invalid?5string?5position?$AA@ 1000998c     mod.obj
 0002:000009a8       ??_C@_0BA@JFNIOLAK@string?5too?5long?$AA@ 100099a8     mod.obj
 0002:000009bc       __pDefaultRawDllMain       100099bc     MSVCRT:dll_dllmain.obj
 0002:000009bc       __pRawDllMain              100099bc     MSVCRT:dll_dllmain.obj
 0002:000009c4       ??_7exception@std@@6B@     100099c4     MSVCRT:throw_bad_alloc.obj
 0002:000009d0       ??_C@_0BC@EOODALEL@Unknown?5exception?$AA@ 100099d0     MSVCRT:throw_bad_alloc.obj
 0002:000009ec       ??_7bad_alloc@std@@6B@     100099ec     MSVCRT:throw_bad_alloc.obj
 0002:000009f8       ??_C@_0P@GHFPNOJB@bad?5allocation?$AA@ 100099f8     MSVCRT:throw_bad_alloc.obj
 0002:00000a10       ??_7bad_array_new_length@std@@6B@ 10009a10     MSVCRT:throw_bad_alloc.obj
 0002:00000a1c       ??_C@_0BF@KINCDENJ@bad?5array?5new?5length?$AA@ 10009a1c     MSVCRT:throw_bad_alloc.obj
 0002:00000a48       ??_7type_info@@6B@         10009a48     MSVCRT:std_type_info_static.obj
 0002:00000a88       __load_config_used         10009a88     MSVCRT:loadcfg.obj
 0002:00000c0c       ??_R4exception@std@@6B@    10009c0c     MSVCRT:throw_bad_alloc.obj
 0002:00000c24       ??_R3exception@std@@8      10009c24     MSVCRT:throw_bad_alloc.obj
 0002:00000c38       ??_R2exception@std@@8      10009c38     MSVCRT:throw_bad_alloc.obj
 0002:00000c40       ??_R1A@?0A@EA@exception@std@@8 10009c40     MSVCRT:throw_bad_alloc.obj
 0002:00000c64       ??_R4bad_alloc@std@@6B@    10009c64     MSVCRT:throw_bad_alloc.obj
 0002:00000c7c       ??_R3bad_alloc@std@@8      10009c7c     MSVCRT:throw_bad_alloc.obj
 0002:00000c90       ??_R2bad_alloc@std@@8      10009c90     MSVCRT:throw_bad_alloc.obj
 0002:00000c9c       ??_R1A@?0A@EA@bad_alloc@std@@8 10009c9c     MSVCRT:throw_bad_alloc.obj
 0002:00000cc0       ??_R4bad_array_new_length@std@@6B@ 10009cc0     MSVCRT:throw_bad_alloc.obj
 0002:00000cd8       ??_R3bad_array_new_length@std@@8 10009cd8     MSVCRT:throw_bad_alloc.obj
 0002:00000cec       ??_R2bad_array_new_length@std@@8 10009cec     MSVCRT:throw_bad_alloc.obj
 0002:00000cfc       ??_R1A@?0A@EA@bad_array_new_length@std@@8 10009cfc     MSVCRT:throw_bad_alloc.obj
 0002:00000d20       ??_R4type_info@@6B@        10009d20     MSVCRT:std_type_info_static.obj
 0002:00000d38       ??_R3type_info@@8          10009d38     MSVCRT:std_type_info_static.obj
 0002:00000d4c       ??_R2type_info@@8          10009d4c     MSVCRT:std_type_info_static.obj
 0002:00000d54       ??_R1A@?0A@EA@type_info@@8 10009d54     MSVCRT:std_type_info_static.obj
 0002:00000e80       ___safe_se_handler_table   10009e80     <linker-defined>
 0002:000010dc       ___rtc_iaa                 1000a0dc     MSVCRT:_initsect_.obj
 0002:000011e0       ___rtc_izz                 1000a1e0     MSVCRT:_initsect_.obj
 0002:000012e4       ___rtc_taa                 1000a2e4     MSVCRT:_initsect_.obj
 0002:000013e8       ___rtc_tzz                 1000a3e8     MSVCRT:_initsect_.obj
 0002:00001638       __TI2?AVbad_alloc@std@@    1000a638     MSVCRT:throw_bad_alloc.obj
 0002:0000164c       __CTA2?AVbad_alloc@std@@   1000a64c     MSVCRT:throw_bad_alloc.obj
 0002:0000165c       __CT??_R0?AVbad_alloc@std@@@8??0bad_alloc@std@@QAE@ABV01@@Z12 1000a65c     MSVCRT:throw_bad_alloc.obj
 0002:0000167c       __CT??_R0?AVexception@std@@@8??0exception@std@@QAE@ABV01@@Z12 1000a67c     MSVCRT:throw_bad_alloc.obj
 0002:0000169c       __TI3?AVbad_array_new_length@std@@ 1000a69c     MSVCRT:throw_bad_alloc.obj
 0002:000016b0       __CTA3?AVbad_array_new_length@std@@ 1000a6b0     MSVCRT:throw_bad_alloc.obj
 0002:000016c4       __CT??_R0?AVbad_array_new_length@std@@@8??0bad_array_new_length@std@@QAE@ABV01@@Z12 1000a6c4     MSVCRT:throw_bad_alloc.obj
 0003:00000000       ___scrt_native_dllmain_reason 1000b000     MSVCRT:utility.obj
 0003:00000004       ___security_cookie_complement 1000b004     MSVCRT:gs_cookie.obj
 0003:00000008       ___security_cookie         1000b008     MSVCRT:gs_cookie.obj
 0003:00000010       ___isa_enabled             1000b010     MSVCRT:_cpu_disp_.obj
 0003:00000020       ___scrt_ucrt_dll_is_in_use 1000b020     MSVCRT:ucrt_stubs.obj
 0003:0000012c       ??_R0?AVbad_alloc@std@@@8  1000b12c     MSVCRT:throw_bad_alloc.obj
 0003:00000150       ??_R0?AVexception@std@@@8  1000b150     MSVCRT:throw_bad_alloc.obj
 0003:00000174       ??_R0?AVbad_array_new_length@std@@@8 1000b174     MSVCRT:throw_bad_alloc.obj
 0003:000001a4       ??_R0?AVtype_info@@@8      1000b1a4     MSVCRT:std_type_info_static.obj
 0003:00000374       ___scrt_current_native_startup_state 1000b374     MSVCRT:utility.obj
 0003:00000378       ___scrt_native_startup_lock 1000b378     MSVCRT:utility.obj
 0003:000003a0       ___isa_available           1000b3a0     MSVCRT:_cpu_disp_.obj
 0003:000003a4       ___favor                   1000b3a4     MSVCRT:_cpu_disp_.obj
 0003:000003ac       ___scrt_debugger_hook_flag 1000b3ac     MSVCRT:utility_desktop.obj
 0003:00000770       ?__type_info_root_node@@3U__type_info_node@@A 1000b770     MSVCRT:tncleanup.obj
 0003:00000780       ?_OptionsStorage@?1??__local_stdio_printf_options@@9@4_KA 1000b780     MSVCRT:default_local_stdio_options.obj
 0003:00000790       ?_OptionsStorage@?1??__local_stdio_scanf_options@@9@4_KA 1000b790     MSVCRT:default_local_stdio_options.obj
 0003:0000079c       ___dyn_tls_init_callback   1000b79c     <common>
 0004:00000000       __imp_?LogInfo@logMgr@@QAEXABV?$basic_string@DU?$char_traits@D@std@@V?$allocator@D@2@@std@@@Z 1000c000     Engine:Engine.dll
 0004:00000004       \177Engine_NULL_THUNK_DATA 1000c004     Engine:Engine.dll
 0004:00000030       __imp__InitializeSListHead@4 1000c030     kernel32:KERNEL32.dll
 0004:00000034       __imp__DisableThreadLibraryCalls@4 1000c034     kernel32:KERNEL32.dll
 0004:00000038       __imp__GetSystemTimeAsFileTime@4 1000c038     kernel32:KERNEL32.dll
 0004:0000003c       __imp__GetCurrentThreadId@0 1000c03c     kernel32:KERNEL32.dll
 0004:00000040       __imp__IsProcessorFeaturePresent@4 1000c040     kernel32:KERNEL32.dll
 0004:00000044       __imp__IsDebuggerPresent@0 1000c044     kernel32:KERNEL32.dll
 0004:00000048       __imp__UnhandledExceptionFilter@4 1000c048     kernel32:KERNEL32.dll
 0004:0000004c       __imp__SetUnhandledExceptionFilter@4 1000c04c     kernel32:KERNEL32.dll
 0004:00000050       __imp__GetStartupInfoW@4   1000c050     kernel32:KERNEL32.dll
 0004:00000054       __imp__GetModuleHandleW@4  1000c054     kernel32:KERNEL32.dll
 0004:00000058       __imp__GetCurrentProcess@0 1000c058     kernel32:KERNEL32.dll
 0004:0000005c       __imp__TerminateProcess@8  1000c05c     kernel32:KERNEL32.dll
 0004:00000060       __imp__QueryPerformanceCounter@4 1000c060     kernel32:KERNEL32.dll
 0004:00000064       __imp__GetCurrentProcessId@0 1000c064     kernel32:KERNEL32.dll
 0004:00000068       \177KERNEL32_NULL_THUNK_DATA 1000c068     kernel32:KERNEL32.dll
 0004:0000009c       __imp_?_Xlength_error@std@@YAXPBD@Z 1000c09c     msvcprt:MSVCP140.dll
 0004:000000a0       __imp_?_Xbad_alloc@std@@YAXXZ 1000c0a0     msvcprt:MSVCP140.dll
 0004:000000a4       __imp_?_Xout_of_range@std@@YAXPBD@Z 1000c0a4     msvcprt:MSVCP140.dll
 0004:000000a8       \177MSVCP140_NULL_THUNK_DATA 1000c0a8     msvcprt:MSVCP140.dll
 0004:000000d4       __imp__memcpy              1000c0d4     vcruntime:VCRUNTIME140.dll
 0004:000000d8       __imp__memmove             1000c0d8     vcruntime:VCRUNTIME140.dll
 0004:000000dc       __imp___CxxThrowException@8 1000c0dc     vcruntime:VCRUNTIME140.dll
 0004:000000e0       __imp____CxxFrameHandler3  1000c0e0     vcruntime:VCRUNTIME140.dll
 0004:000000e4       __imp____telemetry_main_invoke_trigger 1000c0e4     vcruntime:VCRUNTIME140.dll
 0004:000000e8       __imp____telemetry_main_return_trigger 1000c0e8     vcruntime:VCRUNTIME140.dll
 0004:000000ec       __imp____std_exception_copy 1000c0ec     vcruntime:VCRUNTIME140.dll
 0004:000000f0       __imp____std_exception_destroy 1000c0f0     vcruntime:VCRUNTIME140.dll
 0004:000000f4       __imp__memset              1000c0f4     vcruntime:VCRUNTIME140.dll
 0004:000000f8       __imp___except_handler4_common 1000c0f8     vcruntime:VCRUNTIME140.dll
 0004:000000fc       __imp____std_type_info_destroy_list 1000c0fc     vcruntime:VCRUNTIME140.dll
 0004:00000100       \177VCRUNTIME140_NULL_THUNK_DATA 1000c100     vcruntime:VCRUNTIME140.dll
 0004:00000134       __imp__free                1000c134     ucrt:api-ms-win-crt-heap-l1-1-0.dll
 0004:00000138       __imp___callnewh           1000c138     ucrt:api-ms-win-crt-heap-l1-1-0.dll
 0004:0000013c       __imp__malloc              1000c13c     ucrt:api-ms-win-crt-heap-l1-1-0.dll
 0004:00000140       \177api-ms-win-crt-heap-l1-1-0_NULL_THUNK_DATA 1000c140     ucrt:api-ms-win-crt-heap-l1-1-0.dll
 0004:0000016c       __imp___seh_filter_dll     1000c16c     ucrt:api-ms-win-crt-runtime-l1-1-0.dll
 0004:00000170       __imp___initialize_narrow_environment 1000c170     ucrt:api-ms-win-crt-runtime-l1-1-0.dll
 0004:00000174       __imp___initialize_onexit_table 1000c174     ucrt:api-ms-win-crt-runtime-l1-1-0.dll
 0004:00000178       __imp___register_onexit_function 1000c178     ucrt:api-ms-win-crt-runtime-l1-1-0.dll
 0004:0000017c       __imp___execute_onexit_table 1000c17c     ucrt:api-ms-win-crt-runtime-l1-1-0.dll
 0004:00000180       __imp___crt_atexit         1000c180     ucrt:api-ms-win-crt-runtime-l1-1-0.dll
 0004:00000184       __imp___crt_at_quick_exit  1000c184     ucrt:api-ms-win-crt-runtime-l1-1-0.dll
 0004:00000188       __imp___cexit              1000c188     ucrt:api-ms-win-crt-runtime-l1-1-0.dll
 0004:0000018c       __imp___initterm           1000c18c     ucrt:api-ms-win-crt-runtime-l1-1-0.dll
 0004:00000190       __imp___initterm_e         1000c190     ucrt:api-ms-win-crt-runtime-l1-1-0.dll
 0004:00000194       __imp__terminate           1000c194     ucrt:api-ms-win-crt-runtime-l1-1-0.dll
 0004:00000198       __imp___invalid_parameter_noinfo_noreturn 1000c198     ucrt:api-ms-win-crt-runtime-l1-1-0.dll
 0004:0000019c       \177api-ms-win-crt-runtime-l1-1-0_NULL_THUNK_DATA 1000c19c     ucrt:api-ms-win-crt-runtime-l1-1-0.dll
 0004:000001d0       __imp__strlen              1000c1d0     ucrt:api-ms-win-crt-string-l1-1-0.dll
 0004:000001d4       \177api-ms-win-crt-string-l1-1-0_NULL_THUNK_DATA 1000c1d4     ucrt:api-ms-win-crt-string-l1-1-0.dll
 0004:00000200       __IMPORT_DESCRIPTOR_Engine 1000c200     Engine:Engine.dll
 0004:00000214       __IMPORT_DESCRIPTOR_MSVCP140 1000c214     msvcprt:MSVCP140.dll
 0004:00000228       __IMPORT_DESCRIPTOR_KERNEL32 1000c228     kernel32:KERNEL32.dll
 0004:0000023c       __IMPORT_DESCRIPTOR_VCRUNTIME140 1000c23c     vcruntime:VCRUNTIME140.dll
 0004:00000250       __IMPORT_DESCRIPTOR_api-ms-win-crt-runtime-l1-1-0 1000c250     ucrt:api-ms-win-crt-runtime-l1-1-0.dll
 0004:00000264       __IMPORT_DESCRIPTOR_api-ms-win-crt-string-l1-1-0 1000c264     ucrt:api-ms-win-crt-string-l1-1-0.dll
 0004:00000278       __IMPORT_DESCRIPTOR_api-ms-win-crt-heap-l1-1-0 1000c278     ucrt:api-ms-win-crt-heap-l1-1-0.dll
 0004:0000028c       __NULL_IMPORT_DESCRIPTOR   1000c28c     Engine:Engine.dll
 0006:00000000       ___guard_check_icall_fptr  1000e000     MSVCRT:guard_support.obj
